
**** 01/23/26 20:11:37 ******* PSpice Lite (March 2016) ******* ID# 10813 ****

 ** Profile: "SCHEMATIC1-gfds"  [ C:\Users\xshad\Desktop\P1_2025_431E_Pandele_Florin_AAF_N17_OrCad\Schematics\pr1-pspicefiles\schemat


 ****     CIRCUIT DESCRIPTION


******************************************************************************




** Creating circuit file "gfds.cir" 
** WARNING: THIS AUTOMATICALLY GENERATED FILE MAY BE OVERWRITTEN BY SUBSEQUENT SIMULATIONS

*Libraries: 
* Profile Libraries :
.INC "C:\Users\xshad\Desktop\P1_2025_431E_Pandele_Florin_AAF_N17_OrCad\Schematics\pr1-pspicefiles\schematic1\gfds\gfds_profile.inc" 
* Local Libraries :
* From [PSPICE NETLIST] section of C:\Users\xshad\AppData\Roaming\SPB_Data\cdssetup\OrCAD_PSpice\17.2.0\PSpice.ini file:

**** INCLUDING gfds_profile.inc ****
.LIB    ".\BC807-25.lib" 
.LIB    ".\BC856B.lib" 
.LIB    ".\BC817-25.lib" 
.LIB    ".\BC846B.lib" 

**** RESUMING gfds.cir ****
.lib "nomd.lib" 

*Analysis directives: 
.AC DEC 100 10 100k
.OPTIONS ADVCONV
.PROBE64 V(alias(*)) I(alias(*)) W(alias(*)) D(alias(*)) NOISE(alias(*)) 
.INC "..\SCHEMATIC1.net" 



**** INCLUDING SCHEMATIC1.net ****
* source PR1
R_R1         N13241 N11142  220k TC=0,0 
V_V1         N11142 0 15Vdc
R_R4         N11142 N18336  47k TC=0,0 
R_R5         N18310 N133930  8.2k TC=0,0 
Q_Q1         N17649 N18909 N13241 QBC856B 
Q_Q2         N17645 N18310 N13241 QBC856B 
Q_Q9         N17645 N17645 N18101 QBC846B 
Q_Q8         N17649 N17645 N39890 QBC846B 
R_R7         0 N18310  1k TC=0,0 
V_V2         N18902 0  AC 1
+SIN 0 1.02V 1k 0 0 0
R_R6         0 N18909  220k TC=0,0 
C_C1         N18909 N18902  100n  TC=0,0 
R_R8         N34803 N19228  150 TC=0,0 
C_C4         N19228 N18310  470p  TC=0,0 
Q_Q5         N18336 N17649 N18177 QBC846B 
Q_Q6         N11142 N18336 N24072 QBC846B 
R_R9         N24072 N22979  4.7k TC=0,0 
D_D1         N11142 N267001 D1N4148 
R_R10         N267001 0  1.5k TC=0,0 
R_R12         N133930 N19228  820 TC=0,0 
C_C5         N18336 N17649  10p  TC=0,0 
Q_Q11         N11142 N24072 N19228 QBC817-25 
Q_Q10         N22979 N24072 N19228 QBC807-25 
R_R13         0 N34803  22 TC=0,0 
R_R14         N22979 N39890  1.5k TC=0,0 
R_R15         N22979 N18101  1.5k TC=0,0 
R_R16         N22979 N18177  220 TC=0,0 
R_R11         N400851 N22979  1.5k TC=0,0 
D_D2         0 N400851 D1N4148 
V_V3         0 N22979 15Vdc

**** RESUMING gfds.cir ****
.END

**** 01/23/26 20:11:37 ******* PSpice Lite (March 2016) ******* ID# 10813 ****

 ** Profile: "SCHEMATIC1-gfds"  [ C:\Users\xshad\Desktop\P1_2025_431E_Pandele_Florin_AAF_N17_OrCad\Schematics\pr1-pspicefiles\schemat


 ****     Diode MODEL PARAMETERS


******************************************************************************




               D1N4148         
          IS    2.682000E-09 
           N    1.836        
         ISR    1.565000E-09 
         IKF     .04417      
          BV  100            
         IBV  100.000000E-06 
          RS     .5664       
          TT   11.540000E-09 
         CJO    4.000000E-12 
          VJ     .5          
           M     .3333       


**** 01/23/26 20:11:37 ******* PSpice Lite (March 2016) ******* ID# 10813 ****

 ** Profile: "SCHEMATIC1-gfds"  [ C:\Users\xshad\Desktop\P1_2025_431E_Pandele_Florin_AAF_N17_OrCad\Schematics\pr1-pspicefiles\schemat


 ****     BJT MODEL PARAMETERS


******************************************************************************




               QBC807-25       QBC856B         QBC817-25       QBC846B         
               PNP             PNP             NPN             NPN             
       LEVEL    1               1               1               1            
          IS  108.000000E-15   20.140000E-15   91.980000E-15   18.220000E-15 
          BF  385.7           315.3           338.8           324.4          
          NF     .99             .9974          1.003            .9932       
         VAF   31.29           39.15          107.9            82            
         IKF     .3603           .079            .4913           .109        
         ISE   27.130000E-15    6.578000E-15  446.800000E-18  289.400000E-18 
          NE    1.4             1.45            1.65            1.4          
          BR   20.57            8.68           29.48            8.29         
          NR     .9849           .9952          1.002            .9931       
         VAR   11.62            9.5            25              17.9          
         IKR     .054            .09             .193            .09         
         ISC  506.200000E-15   16.330000E-15    5.109000E-15    9.982000E-12 
          NC    1.295           1.15            1.071           1.763        
         ISS    0               0               0               0            
          RB    1              10               1              10            
         RBM     .5             5.000000E-06    1               5            
         IRB    1.000000E-06    5.000000E-06    1.000000E+03    5.000000E-06 
          RE     .1415           .663            .2126           .649        
          RC     .2623           .718            .143            .7014       
         CJE   51.140000E-12   11.350000E-12   38.250000E-12   12.440000E-12 
         VJE     .8911           .7071           .7004           .7579       
         MJE     .4417           .3808           .364            .3656       
         CJC   26.560000E-12    6.395000E-12   12.700000E-12    3.347000E-12 
         VJC     .62             .4951           .4431           .5463       
         MJC     .4836           .44             .3983           .391        
        XCJC     .459            .6288           .4555           .6193       
         CJS    0               0               0               0            
         VJS     .75             .75             .75             .75         
         MJS     .333            .333            .333            .333        
          FC     .99             .9059           .905            .979        
          TF  735.900000E-12  654.600000E-12  522.900000E-12  490.800000E-12 
         XTF    1.859           5.387         219.7             9.51         
         VTF    3.813           6.245           3.502           2.927        
         ITF     .4393           .2108          7.257            .3131       
          TR   50.000000E-09   55.000000E-09   70.000000E-12   90.000000E-09 
          KF    0               0               0               0            
          AF    1               1               1               1            
          CN    2.2             2.2             2.42            2.42         
           D     .52             .52             .87             .87         


**** 01/23/26 20:11:37 ******* PSpice Lite (March 2016) ******* ID# 10813 ****

 ** Profile: "SCHEMATIC1-gfds"  [ C:\Users\xshad\Desktop\P1_2025_431E_Pandele_Florin_AAF_N17_OrCad\Schematics\pr1-pspicefiles\schemat


 ****     SMALL SIGNAL BIAS SOLUTION       TEMPERATURE =   27.000 DEG C


******************************************************************************



 NODE   VOLTAGE     NODE   VOLTAGE     NODE   VOLTAGE     NODE   VOLTAGE


(N11142)   15.0000 (N13241)     .5606 (N17645)  -14.4040 (N17649)  -14.3400     

(N18101)  -14.9510 (N18177)  -14.9390 (N18310)     .0207 (N18336)    1.4747     

(N18902)    0.0000 (N18909)     .0202 (N19228)     .2063 (N22979)  -15.0000     

(N24072)     .8085 (N34803)     .0264 (N39890)  -14.9510 (N133930)     .1894    

(N267001)   14.2800                   (N400851)    -.7198                   




    VOLTAGE SOURCE CURRENTS
    NAME         CURRENT

    V_V1        -1.445E-02
    V_V2         0.000E+00
    V_V3        -1.323E-02

    TOTAL POWER DISSIPATION   4.15E-01  WATTS



          JOB CONCLUDED

**** 01/23/26 20:11:37 ******* PSpice Lite (March 2016) ******* ID# 10813 ****

 ** Profile: "SCHEMATIC1-gfds"  [ C:\Users\xshad\Desktop\P1_2025_431E_Pandele_Florin_AAF_N17_OrCad\Schematics\pr1-pspicefiles\schemat


 ****     JOB STATISTICS SUMMARY


******************************************************************************



  Total job time (using Solver 1)   =         .08
